         100         121           6          64         400         121           0
          43          12          11          71          70
          43          11          77          70          76
          46          77          74          76          73
          45          74          10          73          72
          45          10         110          72         109
          59         110           9         109          92
          59           9          99          92          98
          62          99          96          98          95
          61          96           8          95          94
          61           8           7          94          93
          41          71          70           6          69
          42          70          76          69          75
          47          76          73          75          83
          46          73          72          83          82
          44          72         109          82         108
          57         109          92         108          91
          58          92          98          91          97
          63          98          95          97         105
          62          95          94         105         104
          60          94          93         104         103
          41           6          69          81          80
          40          69          75          80          79
          47          75          83          79          78
          35          83          82          78          65
          35          82         108          65         107
          57         108          91         107         102
          56          91          97         102         101
          63          97         105         101         100
          51         105         104         100          87
          51         104         103          87          84
          37          81          80           5          67
          39          80          79          67          66
          39          79          78          66          68
          33          78          65          68          64
          34          65         107          64         106
          53         107         102         106          89
          55         102         101          89          88
          55         101         100          88          90
          49         100          87          90          86
          50          87          84          86          85
          37           5          67         121         120
          36          67          66         120         119
          38          66          68         119         118
          33          68          64         118         117
          32          64         106         117         116
          53         106          89         116         115
          52          89          88         115         114
          54          88          90         114         113
          49          90          86         113         112
          48          86          85         112         111
          11         121         120          24          23
          11         120         119          23          28
          14         119         118          28          26
          13         118         117          26          25
          13         117         116          25          63
          27         116         115          63          47
          27         115         114          47          52
          30         114         113          52          50
          29         113         112          50          49
          29         112         111          49          48
           9          24          23           4          22
          10          23          28          22          27
          15          28          26          27          34
          14          26          25          34          33
          12          25          63          33          62
          25          63          47          62          46
          26          47          52          46          51
          31          52          50          51          58
          30          50          49          58          57
          28          49          48          57          56
           9           4          22          32          31
           8          22          27          31          30
          15          27          34          30          29
           3          34          33          29          15
           3          33          62          15          61
          25          62          46          61          55
          24          46          51          55          54
          31          51          58          54          53
          19          58          57          53          39
          19          57          56          39          36
           5          32          31           3          19
           7          31          30          19          18
           7          30          29          18          21
           1          29          15          21          14
           2          15          61          14          60
          21          61          55          60          43
          23          55          54          43          42
          23          54          53          42          45
          17          53          39          45          38
          18          39          36          38          37
           5           3          19           2          16
           4          19          18          16          17
           6          18          21          17          20
           1          21          14          20          13
           0          14          60          13          59
          21          60          43          59          40
          20          43          42          40          41
          22          42          45          41          44
          17          45          38          44          35
          16          38          37          35           1
